// Jest Snapshot v1, https://goo.gl/fbAQLP

exports[`Simple CheckboxPropertySelector 1`] = `
<div
  checked={false}
  locked={false}
  onClick={[Function]}
  style={
    Object {
      "alignItems": "center",
      "cursor": "pointer",
      "display": "flex",
      "flexDirection": "column",
    }
  }
>
  <div>
    checked (1) 
  </div>
  <div
    checked={false}
    locked={false}
    style={
      Object {
        "background": "green",
        "backgroundColor": "#ccc",
        "height": "22px",
        "marginTop": "6px",
        "position": "relative",
        "width": "22px",
      }
    }
  />
</div>
`;
