// Jest Snapshot v1, https://goo.gl/fbAQLP

exports[`Simple PropertiesSelector 1`] = `
<div>
  <div>
    
    <table>
      <tbody>
        <tr>
          <td>
            <label
              className="invalid"
              title="translatePropertyLabelHover"
            >
              <span
                className=""
              >
                a
              </span>
            </label>
          </td>
          <td>
            <span>
              <input
                onChange={[Function]}
                readOnly={false}
                style={
                  Object {
                    "border": "1px solid #b4b4b4",
                    "borderRadius": "3px",
                    "color": "red",
                    "font": "normal normal 300 normal 15px / 30px Helvetica, Arial, sans-serif",
                    "height": "30px",
                    "outline": "rgb(131, 131, 131) none 0px",
                    "padding": "1px 30px 0px 10px",
                  }
                }
                title="value_is_required"
                type="text"
                value=""
              />
              <span
                onClick={[Function]}
              >
                 
              </span>
            </span>
          </td>
        </tr>
      </tbody>
    </table>
  </div>
  <div>
    <div
      className="group-container-header"
      onClick={[Function]}
    >
      <button
        className="expand-collapse"
      >
         &gt;&gt; 
      </button>
      Group1
    </div>
    <table>
      <tbody>
        <tr>
          <td>
            <label
              className="invalid"
              title="translatePropertyLabelHover"
            >
              <span
                className=""
              >
                b
              </span>
            </label>
          </td>
          <td>
            <select
              disabled={false}
              onChange={[Function]}
              style={
                Object {
                  "border": "1px solid #b4b4b4",
                  "borderRadius": "3px",
                  "color": "black",
                  "font": "normal normal 300 normal 15px / 30px Helvetica, Arial, sans-serif",
                  "height": "30px",
                  "outline": "rgb(131, 131, 131) none 0px",
                  "padding": "1px 30px 0px 10px",
                }
              }
              title=""
              value=""
            >
              <option
                style={
                  Object {
                    "alignSelf": "center",
                    "border": "0px none rgb(131, 131, 131)",
                    "color": "rgb(131, 131, 131)",
                    "font": "normal normal 300 normal 15px / 30px Helvetica, Arial, sans-serif",
                    "minHeight": "18px",
                    "outline": "rgb(131, 131, 131) none 0px",
                  }
                }
                title=""
                value=""
              >
                
              </option>
              <option
                style={
                  Object {
                    "alignSelf": "center",
                    "border": "0px none rgb(131, 131, 131)",
                    "color": "rgb(131, 131, 131)",
                    "font": "normal normal 300 normal 15px / 30px Helvetica, Arial, sans-serif",
                    "minHeight": "18px",
                    "outline": "rgb(131, 131, 131) none 0px",
                  }
                }
                title=""
                value="1"
              >
                b_1
              </option>
              <option
                style={
                  Object {
                    "alignSelf": "center",
                    "border": "0px none rgb(131, 131, 131)",
                    "color": "rgb(131, 131, 131)",
                    "font": "normal normal 300 normal 15px / 30px Helvetica, Arial, sans-serif",
                    "minHeight": "18px",
                    "outline": "rgb(131, 131, 131) none 0px",
                  }
                }
                title=""
                value="2"
              >
                b_2
              </option>
            </select>
          </td>
        </tr>
        <tr>
          <td>
            <label
              className="invalid"
              title="translatePropertyLabelHover"
            >
              <span
                className=""
              >
                c
              </span>
            </label>
          </td>
          <td>
            <select
              disabled={false}
              onChange={[Function]}
              style={
                Object {
                  "border": "1px solid #b4b4b4",
                  "borderRadius": "3px",
                  "color": "black",
                  "font": "normal normal 300 normal 15px / 30px Helvetica, Arial, sans-serif",
                  "height": "30px",
                  "outline": "rgb(131, 131, 131) none 0px",
                  "padding": "1px 30px 0px 10px",
                }
              }
              title=""
              value=""
            >
              <option
                style={
                  Object {
                    "alignSelf": "center",
                    "border": "0px none rgb(131, 131, 131)",
                    "color": "rgb(131, 131, 131)",
                    "font": "normal normal 300 normal 15px / 30px Helvetica, Arial, sans-serif",
                    "minHeight": "18px",
                    "outline": "rgb(131, 131, 131) none 0px",
                  }
                }
                title=""
                value=""
              >
                
              </option>
              <option
                style={
                  Object {
                    "alignSelf": "center",
                    "border": "0px none rgb(131, 131, 131)",
                    "color": "rgb(131, 131, 131)",
                    "font": "normal normal 300 normal 15px / 30px Helvetica, Arial, sans-serif",
                    "minHeight": "18px",
                    "outline": "rgb(131, 131, 131) none 0px",
                  }
                }
                title=""
                value="2"
              >
                c_2
              </option>
              <option
                style={
                  Object {
                    "alignSelf": "center",
                    "border": "0px none rgb(131, 131, 131)",
                    "color": "rgb(131, 131, 131)",
                    "font": "normal normal 300 normal 15px / 30px Helvetica, Arial, sans-serif",
                    "minHeight": "18px",
                    "outline": "rgb(131, 131, 131) none 0px",
                  }
                }
                title=""
                value="3"
              >
                c_3
              </option>
              <option
                style={
                  Object {
                    "alignSelf": "center",
                    "border": "0px none rgb(131, 131, 131)",
                    "color": "red",
                    "font": "normal normal 300 normal 15px / 30px Helvetica, Arial, sans-serif",
                    "minHeight": "18px",
                    "outline": "rgb(131, 131, 131) none 0px",
                  }
                }
                title="  b must be b_1"
                value="1"
              >
                ✘ c_1
              </option>
            </select>
          </td>
        </tr>
        <tr>
          <td>
            <label
              className="invalid"
              title="translatePropertyLabelHover"
            >
              <span
                className=""
              >
                d
              </span>
            </label>
          </td>
          <td>
            <div>
              <div
                onClick={[Function]}
                selected={false}
                style={
                  Object {
                    "border": "2px solid transparent",
                    "color": "grey",
                    "cursor": "not-allowed",
                    "display": "inline-block",
                    "marginRight": "10px",
                    "padding": "10px",
                  }
                }
                title="  c must be c_1"
              >
                d_1
              </div>
              <div
                onClick={[Function]}
                selected={false}
                style={
                  Object {
                    "border": "2px solid transparent",
                    "color": "black",
                    "cursor": "pointer",
                    "display": "inline-block",
                    "marginRight": "10px",
                    "padding": "10px",
                  }
                }
                title=""
              >
                d_2
              </div>
              <div
                onClick={[Function]}
                selected={false}
                style={
                  Object {
                    "border": "2px solid transparent",
                    "color": "black",
                    "cursor": "pointer",
                    "display": "inline-block",
                    "marginRight": "10px",
                    "padding": "10px",
                  }
                }
                title=""
              >
                d_3
              </div>
            </div>
          </td>
        </tr>
        <tr>
          <td>
            <label
              className="invalid"
              title="translatePropertyLabelHover"
            >
              <span
                className=""
              >
                e
              </span>
            </label>
          </td>
          <td>
            <div
              checked={false}
              locked={false}
              onClick={[Function]}
              style={
                Object {
                  "alignItems": "center",
                  "cursor": "pointer",
                  "display": "flex",
                  "flexDirection": "column",
                }
              }
            >
              <img
                src="https://s7d1.scene7.com/is/image/BedBathandBeyond/13136517105892p?$478$"
              />
              <div>
                e_1
              </div>
              <div
                checked={false}
                locked={false}
                style={
                  Object {
                    "background": "green",
                    "backgroundColor": "#ccc",
                    "height": "22px",
                    "marginTop": "5px",
                    "position": "relative",
                    "width": "22px",
                  }
                }
              />
            </div>
          </td>
        </tr>
      </tbody>
    </table>
  </div>
</div>
`;
